../Core/Src/main.c:74:10:read_angle	24	static
../Core/Src/main.c:103:6:pca9685_init	32	static
../Core/Src/main.c:124:6:pca9685_pwm	32	static
../Core/Src/main.c:149:6:HAL_UARTEx_RxEventCallback	48	static
../Core/Src/main.c:212:5:main	80	static
../Core/Src/main.c:392:6:SystemClock_Config	72	static
../Core/Src/main.c:431:13:MX_I2C1_Init	8	static
../Core/Src/main.c:465:13:MX_SPI1_Init	8	static
../Core/Src/main.c:503:13:MX_TIM2_Init	32	static
../Core/Src/main.c:548:13:MX_USART1_UART_Init	8	static
../Core/Src/main.c:579:13:MX_DMA_Init	16	static
../Core/Src/main.c:597:13:MX_GPIO_Init	32	static
../Core/Src/main.c:629:6:Error_Handler	4	static,ignoring_inline_asm
